// Jest Snapshot v1, https://goo.gl/fbAQLP

exports[`matches snapshot 1`] = `
<DocumentFragment>
  <div>
    <form>
      <label
        for="color"
      >
         Color
      </label>
      <input
        id="color"
        name="color"
        placeholder="Color"
        type="text"
        value=""
      />
      <label
        for="height"
      >
         Box height
      </label>
      <input
        id="height"
        name="height"
        type="number"
        value=""
      />
      <label
        for="width"
      >
         width 
      </label>
      <input
        id="width"
        name="width"
        type="number"
        value=""
      />
      <button>
        Submit
      </button>
    </form>
    <h1>
       Box List
    </h1>
    <div>
      <div
        class="Box"
        data-testid="red"
        id="2"
        style="background-color: red; min-height: 3em; min-width: 3em; max-height: 10em; max-width: 10em; width: 10em; height: 10em;"
      >
        <button>
          X
        </button>
      </div>
      <div
        class="Box"
        data-testid="blue"
        id="1"
        style="background-color: blue; min-height: 3em; min-width: 3em; max-height: 10em; max-width: 10em; width: 10em; height: 10em;"
      >
        <button>
          X
        </button>
      </div>
    </div>
  </div>
</DocumentFragment>
`;
